// Jest Snapshot v1, https://goo.gl/fbAQLP

exports[`The Spelling rules should not change 1`] = `
Array [
  "aff",
  "api",
  "apollo",
  "args",
  "async",
  "auth",
  "blipp",
  "cors",
  "defs",
  "del",
  "dev",
  "dict",
  "dom",
  "ejs",
  "err",
  "eslint",
  "filename",
  "func",
  "github",
  "gql",
  "graphql",
  "hapi",
  "html",
  "http",
  "hunspell",
  "hunspellchecker",
  "inmemory",
  "joi",
  "jss",
  "jsx",
  "knex",
  "lodash",
  "middleware",
  "mjs",
  "params",
  "pre",
  "readdir",
  "readis",
  "resolvers",
  "rfe",
  "src",
  "stderr",
  "stdin",
  "stdout",
  "uri",
  "util",
  "utils",
  "webpack",
  "xml",
  "xtconf",
]
`;
